<html>
<body>
<pre>
<h1>礦ision Build Log</h1>
<h2>Tool Versions:</h2>
IDE-Version: μVision V5.14.0.0
Copyright (C) 2015 ARM Ltd and ARM Germany GmbH. All rights reserved.
License Information: ... ..., ..., LIC=Z3C01-CHNNH-16IQV-PHI4S-BCKLS-S5JY9
 
Tool Versions:
Toolchain:       MDK-ARM Professional  Version: 5.14.0.0
Toolchain Path:  C:\mdk5_install\ARM\ARMCC\Bin
C Compiler:      Armcc.exe V5.05 update 1 (build 106)
Assembler:       Armasm.exe V5.05 update 1 (build 106)
Linker/Locator:  ArmLink.exe V5.05 update 1 (build 106)
Library Manager: ArmAr.exe V5.05 update 1 (build 106)
Hex Converter:   FromElf.exe V5.05 update 1 (build 106)
CPU DLL:         SARMCM3.DLL V5.14.0.0
Dialog DLL:      DCM.DLL V1.13.1.0
Target DLL:      Segger\JL2CM3.dll V2.99.13.0
Dialog DLL:      TCM.DLL V1.14.4.0
 
<h2>Project:</h2>
C:\Users\dadao\Desktop\led灯带开发\stm32f103c8t6_ws281x_spi+dma+mpu6050\stm32f103c8t6_ws281x_spi+dma\Project\stm32c8t6_template.uvprojx
Project File Date:  01/08/2019

<h2>Output:</h2>
Build target 'Target 1'
compiling main.c...
linking...
Program Size: Code=11092 RO-data=348 RW-data=116 ZI-data=1604  
FromELF: creating hex file...
".\Objects\stm32c8t6_template.axf" - 0 Error(s), 0 Warning(s).

<h2>Collection of Component include folders:</h2>
  C:\Users\dadao\Desktop\led灯带开发\stm32f103c8t6_ws281x_spi+dma+mpu6050\stm32f103c8t6_ws281x_spi+dma\Project\RTE
  C:\mdk5_install\ARM\PACK\Keil\STM32F1xx_DFP\1.0.5\Device\Include

<h2>Collection of Component Files used:</h2>
</pre>
</body>
</html>
